app/(admin-auth)/xlter-admin/login/page.tsx(91,28): error TS2353: Object literal may only specify known properties, and 'ringColor' does not exist in type 'Properties<string | number, string & {}>'.
src/proxy.ts(70,43): error TS2769: No overload matches this call.
  Overload 1 of 2, '(jwt: string | Uint8Array<ArrayBufferLike>, key: Uint8Array<ArrayBufferLike> | CryptoKey | KeyObject | JWK, options?: JWTVerifyOptions | undefined): Promise<...>', gave the following error.
    Argument of type 'string | undefined' is not assignable to parameter of type 'string | Uint8Array<ArrayBufferLike>'.
      Type 'undefined' is not assignable to type 'string | Uint8Array<ArrayBufferLike>'.
  Overload 2 of 2, '(jwt: string | Uint8Array<ArrayBufferLike>, getKey: JWTVerifyGetKey, options?: JWTVerifyOptions | undefined): Promise<...>', gave the following error.
    Argument of type 'string | undefined' is not assignable to parameter of type 'string | Uint8Array<ArrayBufferLike>'.
      Type 'undefined' is not assignable to type 'string | Uint8Array<ArrayBufferLike>'.
